card   1                           at 1284,132
ZOOM 1.1892   (multiplier on the fitted zoom)
ZOOM 1.4142   (multiplier on the fitted zoom)
ZOOM 1.6818   (multiplier on the fitted zoom)
ZOOM 2.0000   (multiplier on the fitted zoom)
controls
  inner        0.4500   0.05..0.95   where the inner ring sits, 0..1
  mid          0.7000   0.05..0.95   where the mid ring is pulled to, 0..1
  jitter       0.0000   0..0.2   symmetry-breaking, 0 = off
  sphere       1.6000   0.5..3   projection radius when spherical
  yaw          0.5500   0..6.283185307179586   turn, radians
  zoom         2.0000   0.25..6   multiplier on the fitted zoom
  speed        0.0120   0..0.25   turn per frame, radians -- 0 holds it still
ZOOM 1.6818   (multiplier on the fitted zoom)
ZOOM 1.4142   (multiplier on the fitted zoom)
ZOOM 1.1892   (multiplier on the fitted zoom)
ZOOM 1.0000   (multiplier on the fitted zoom)
ZOOM 0.8409   (multiplier on the fitted zoom)
ZOOM 0.7071   (multiplier on the fitted zoom)
ZOOM 0.5946   (multiplier on the fitted zoom)
ZOOM 0.5000   (multiplier on the fitted zoom)
ZOOM 0.4204   (multiplier on the fitted zoom)
ZOOM 0.3536   (multiplier on the fitted zoom)

canvas          1920x1080
cards declared  2   painted 2
failures        0
