card   1                           at 1284,132
expect Genesis                     OK
SPEED 0.2500   (turn per frame, radians -- 0 holds it still) - only visible while it turns
SPD-P 0.2500   (pitch per frame -- tumble) - only visible while it turns
SPD-R 0.2500   (roll per frame -- barrel) - only visible while it turns
spin   100                         yaw 0.4173 rad
controls
  inner        0.1000   0.05..0.95   [Build] where the inner ring sits, 0..1
  twist        0.0000   0..1   [Render] sphere -> Mobius band, 0..1 -- DISPLAY LANE, moves points only
  mid          0.1000   0.05..0.95   [Build] where the mid ring is pulled to, 0..1
  jitter       0.0000   0..0.2   [Build] symmetry-breaking, 0 = off
  sphere       1.6000   0.5..3   [Build] projection radius when spherical
  yaw          0.4173   0..6.283185307179586   [Render] turn, radians
  zoom         1.0000   0.01..20000   [Render] multiplier on the fitted zoom -- 0.01 to 20000
  pitch        0.1673   0..6.283185307179586   [Render] tip, radians -- 0.30 is the old fixed angle
  roll         6.1504   0..6.283185307179586   [Render] spin in the screen plane, radians
  speedp       0.2500   0..0.25   [Motion] pitch per frame -- tumble
  speedr       0.2500   0..0.25   [Motion] roll per frame -- barrel
  speed        0.2500   0..0.25   [Motion] turn per frame, radians -- 0 holds it still
spin   100                         yaw 0.2845 rad
controls
  inner        0.1000   0.05..0.95   [Build] where the inner ring sits, 0..1
  twist        0.0000   0..1   [Render] sphere -> Mobius band, 0..1 -- DISPLAY LANE, moves points only
  mid          0.1000   0.05..0.95   [Build] where the mid ring is pulled to, 0..1
  jitter       0.0000   0..0.2   [Build] symmetry-breaking, 0 = off
  sphere       1.6000   0.5..3   [Build] projection radius when spherical
  yaw          0.2845   0..6.283185307179586   [Render] turn, radians
  zoom         1.0000   0.01..20000   [Render] multiplier on the fitted zoom -- 0.01 to 20000
  pitch        0.0345   0..6.283185307179586   [Render] tip, radians -- 0.30 is the old fixed angle
  roll         6.0177   0..6.283185307179586   [Render] spin in the screen plane, radians
  speedp       0.2500   0..0.25   [Motion] pitch per frame -- tumble
  speedr       0.2500   0..0.25   [Motion] roll per frame -- barrel
  speed        0.2500   0..0.25   [Motion] turn per frame, radians -- 0 holds it still
spin   100                         yaw 0.1518 rad
controls
  inner        0.1000   0.05..0.95   [Build] where the inner ring sits, 0..1
  twist        0.0000   0..1   [Render] sphere -> Mobius band, 0..1 -- DISPLAY LANE, moves points only
  mid          0.1000   0.05..0.95   [Build] where the mid ring is pulled to, 0..1
  jitter       0.0000   0..0.2   [Build] symmetry-breaking, 0 = off
  sphere       1.6000   0.5..3   [Build] projection radius when spherical
  yaw          0.1518   0..6.283185307179586   [Render] turn, radians
  zoom         1.0000   0.01..20000   [Render] multiplier on the fitted zoom -- 0.01 to 20000
  pitch        6.1850   0..6.283185307179586   [Render] tip, radians -- 0.30 is the old fixed angle
  roll         5.8850   0..6.283185307179586   [Render] spin in the screen plane, radians
  speedp       0.2500   0..0.25   [Motion] pitch per frame -- tumble
  speedr       0.2500   0..0.25   [Motion] roll per frame -- barrel
  speed        0.2500   0..0.25   [Motion] turn per frame, radians -- 0 holds it still

canvas          1920x1080
cards declared  2   painted 2
failures        0
