card   1                           at 1284,132
key    S                           changed true
controls
  inner        0.1000   0.05..0.95   where the inner ring sits, 0..1
  mid          0.1000   0.05..0.95   where the mid ring is pulled to, 0..1
  jitter       0.0000   0..0.2   symmetry-breaking, 0 = off
  sphere       1.6000   0.5..3   projection radius when spherical
  yaw          0.5500   0..6.283185307179586   turn, radians
  zoom         1.0000   0.25..6   multiplier on the fitted zoom
  speed        0.0120   0..0.25   turn per frame, radians -- 0 holds it still
REFINE ALL - PREDICTED F=212 P=12, BUILT F=212 P=12. LANES AGREE.
REFINE 6S - PREDICTED F=1412 P=12, BUILT F=1412 P=12. LANES AGREE.
REFINE 6S - PREDICTED F=9812 P=12, BUILT F=9812 P=12. LANES AGREE.
REFINE 6S - PREDICTED F=68612 P=12, BUILT F=68612 P=12. LANES AGREE.
REFINE 6S - PREDICTED F=480212 P=12, BUILT F=480212 P=12. LANES AGREE.
shot   lv6                          seal c0567ec6b069bec2  view Genesis  243104 us
stats  colours    609  ink  27.31%  L 0.2212  C 0.0386  Lent 2.292 bits
status GENESIS HELD STILL.

canvas          1920x1080
cards declared  2   painted 2
failures        0
