expect Dashboard OK (view=Dashboard)
shot   01_panel  18118 B
click  card:1 -> Genesis
wait   400 ms
expect Genesis OK (view=Genesis)
shot   02_genesis_spinning  24799 B
key    S
wait   200 ms
shot   03_genesis_held_still  24215 B
click  button:PANEL at 490,672 46x22
wait   300 ms
EXPECT FAIL  view='Genesis' wanted='Dashboard'
shot   04_back_on_the_panel  24272 B
click  card:0 -> 
wait   200 ms
shot   05_light_matrix_not_wired  24272 B

canvas          900x700
client measured 900x700   pixel exact YES
cards declared  2   painted 2
failures        1
