card   1                           at 1284,132
controls
  inner        0.4500   0.05..0.95   where the inner ring sits, 0..1
  mid          0.7000   0.05..0.95   where the mid ring is pulled to, 0..1
  jitter       0.0000   0..0.2   symmetry-breaking, 0 = off
  sphere       1.6000   0.5..3   projection radius when spherical
  yaw          0.5500   0..6.283185307179586   turn, radians
  zoom         1.0000   0.25..6   multiplier on the fitted zoom
INNER 0.7800   INNER 0.780 MID 0.700 - MID < INNER: THE RING OVERLAPS. BURSTS.
FAIL   JITTER REFUSED: 'shoe' IS NOT A NUMBER. WANTED symmetry-breaking, 0 = off (0..0.2)
FAIL   YAW REFUSED: 99 IS OUTSIDE 0..6.283185307179586. WANTED turn, radians (0..6.283185307179586)
ZOOM 1.4000   (multiplier on the fitted zoom)
MID 0.3200   INNER 0.780 MID 0.320 - MID < INNER: THE RING OVERLAPS. BURSTS.
controls
  inner        0.7800   0.05..0.95   where the inner ring sits, 0..1
  mid          0.3200   0.05..0.95   where the mid ring is pulled to, 0..1
  jitter       0.0000   0..0.2   symmetry-breaking, 0 = off
  sphere       1.6000   0.5..3   projection radius when spherical
  yaw          0.5500   0..6.283185307179586   turn, radians
  zoom         1.4000   0.25..6   multiplier on the fitted zoom

canvas          1920x1080
cards declared  2   painted 2
failures        2
