card   1                           at 1284,132
REFINE ALL - PREDICTED F=212 P=12, BUILT F=212 P=12. LANES AGREE.
REFINE ALL - PREDICTED F=1472 P=12, BUILT F=1472 P=12. LANES AGREE.
PITCH 0.0000   (tip, radians -- 0.30 is the old fixed angle) - takes effect now
YAW 0.0000   (turn, radians) - takes effect now
ROLL 0.0000   (spin in the screen plane, radians) - takes effect now
shot   A_base                       seal f65411deb8cd4be3  view Genesis  7692 us
ROLL 3.1416   (spin in the screen plane, radians) - takes effect now
shot   A_roll_pi_2fold              seal 2c046654c94a9753  view Genesis  6614 us
ROLL 1.0000   (spin in the screen plane, radians) - takes effect now
shot   A_roll_1p0_control           seal e2910b306cdf828a  view Genesis  7005 us
PITCH 0.5536   (tip, radians -- 0.30 is the old fixed angle) - takes effect now
ROLL 0.0000   (spin in the screen plane, radians) - takes effect now
shot   B_base                       seal 133d0ce7ef079e7d  view Genesis  7695 us
ROLL 1.2566   (spin in the screen plane, radians) - takes effect now
shot   B_roll_72_5fold              seal 6205686c8eba95c6  view Genesis  7345 us
ROLL 0.6283   (spin in the screen plane, radians) - takes effect now
shot   B_roll_36_control            seal 093e19b966e634f5  view Genesis  6803 us

canvas          1920x1080
cards declared  2   painted 2
failures        0
