card   1                           at 1284,132
key    S                           changed true
REFINE ALL - PREDICTED F=212 P=12, BUILT F=212 P=12. LANES AGREE.
REFINE 6S - PREDICTED F=1412 P=12, BUILT F=1412 P=12. LANES AGREE.
shot   z1                           seal e1e28a6c7cef0d8c  view Genesis  2211 us
ZOOM 1.1892   (multiplier on the fitted zoom) - takes effect now
ZOOM 1.4142   (multiplier on the fitted zoom) - takes effect now
ZOOM 1.6818   (multiplier on the fitted zoom) - takes effect now
ZOOM 2.0000   (multiplier on the fitted zoom) - takes effect now
shot   z2                           seal c3298caf1b137db2  view Genesis  3156 us
controls
  inner        0.1000   0.05..0.95   [Build] where the inner ring sits, 0..1
  mid          0.1000   0.05..0.95   [Build] where the mid ring is pulled to, 0..1
  jitter       0.0000   0..0.2   [Build] symmetry-breaking, 0 = off
  sphere       1.6000   0.5..3   [Build] projection radius when spherical
  yaw          0.5500   0..6.283185307179586   [Render] turn, radians
  zoom         2.0000   0.25..6   [Render] multiplier on the fitted zoom
  speed        0.0120   0..0.25   [Motion] turn per frame, radians -- 0 holds it still

canvas          1920x1080
cards declared  2   painted 2
failures        0
